// Jest Snapshot v1, https://goo.gl/fbAQLP

exports[`renders correctly 1`] = `
<View
  onLayout={[Function]}
  style={
    Object {
      "backgroundColor": "#ffffff",
      "flex": 1,
    }
  }
>
  <ContextProvider
    value={
      Object {
        "height": 1334,
      }
    }
  >
    <MainScreen />
  </ContextProvider>
</View>
`;
